// Jest Snapshot v1, https://goo.gl/fbAQLP

exports[`<Grid /> when the grid is a container should create a grid container 1`] = `
<div
  className="swa-react-grid swa-react-grid--container"
/>
`;
